// Jest Snapshot v1, https://goo.gl/fbAQLP

exports[`<When /> component Falsy cases GIVEN condition as function & some children THEN does not render those 1`] = `""`;

exports[`<When /> component Falsy cases GIVEN some children THEN does not render those 1`] = `""`;

exports[`<When /> component Truthy cases GIVEN condition as function & children THEN renders those 1`] = `
<Fragment>
  <span>
    When
  </span>
</Fragment>
`;

exports[`<When /> component Truthy cases GIVEN no children THEN renders null 1`] = `""`;

exports[`<When /> component Truthy cases GIVEN some children THEN renders those 1`] = `
<Fragment>
  <span>
    When
  </span>
</Fragment>
`;
